10:17:33 INFO    auth: Sesión reutilizada desde cache (adermanu@gmail.com).
10:17:37 INFO    sync: Resultados: 37 laboratorio, 49 imágenes/otros
10:17:37 ERROR   sync: PACS 2026-08-21_tomografia_tomografia-de-senos-paranasales-sin-contraste-endovenoso: Expecting value: line 1 column 1 (char 0)
10:17:37 ERROR   sync: PACS 2026-07-17_resonancia_resonancia-cardiaca-con-contraste-endovenoso: Expecting value: line 1 column 1 (char 0)
10:17:37 ERROR   sync: PACS 2026-07-15_radiografia_radiografia-de-torax-frente: Expecting value: line 1 column 1 (char 0)
10:17:37 ERROR   sync: PACS 2026-07-14_radiografia_radiografia-de-torax-frente: Expecting value: line 1 column 1 (char 0)
10:17:37 ERROR   sync: PACS 2026-07-13_ecografia_ecodoppler-venoso-de-miembro-inferior-izquierdo-para-diagn-de-trombosis: Expecting value: line 1 column 1 (char 0)
10:17:37 ERROR   sync: PACS 2026-07-12_tomografia_tomografia-de-torax-sin-contraste-endovenoso: Expecting value: line 1 column 1 (char 0)
10:17:37 ERROR   sync: PACS 2026-07-12_radiografia_radiografia-de-torax-frente: Expecting value: line 1 column 1 (char 0)
10:17:37 ERROR   sync: PACS 2026-07-06_tomografia_tomografia-de-macizo-facial-con-contraste-endovenoso: Expecting value: line 1 column 1 (char 0)
10:17:37 ERROR   sync: PACS 2026-06-25_tomografia_tomografia-de-cerebro-sin-contraste-endovenoso: Expecting value: line 1 column 1 (char 0)
10:17:38 ERROR   sync: PACS 2026-06-01_ecografia_ecodoppler-de-vasos-de-cuello: Expecting value: line 1 column 1 (char 0)
10:17:38 ERROR   sync: PACS 2026-05-31_tomografia_tomografia-de-torax-sin-contraste-endovenoso: Expecting value: line 1 column 1 (char 0)
10:17:38 ERROR   sync: PACS 2026-05-03_tomografia_tomografia-de-torax-sin-contraste-endovenoso: Expecting value: line 1 column 1 (char 0)
10:17:38 ERROR   sync: PACS 2026-04-27_radiografia_radiografia-de-torax-frente: Expecting value: line 1 column 1 (char 0)
10:17:38 ERROR   sync: PACS 2026-04-27_resonancia_resonancia-de-pelvis-de-alta-resolucion-con-contraste-endovenoso: Expecting value: line 1 column 1 (char 0)
10:17:38 ERROR   sync: PACS 2026-04-16_resonancia_resonancia-de-pelvis-de-alta-resolucion-con-contraste-endovenoso: Expecting value: line 1 column 1 (char 0)
10:17:38 ERROR   sync: PACS 2026-04-13_ecografia_ecodoppler-de-vasos-de-cuello: Expecting value: line 1 column 1 (char 0)
10:17:38 ERROR   sync: PACS 2026-04-07_tomografia_tomografia-de-senos-paranasales-sin-contraste-endovenoso: Expecting value: line 1 column 1 (char 0)
10:17:38 ERROR   sync: PACS 2026-04-03_ecografia_ecografia-de-partes-blandas-adultos: Expecting value: line 1 column 1 (char 0)
10:17:38 ERROR   sync: PACS 2026-03-31_resonancia_resonancia-de-pelvis-de-alta-resolucion-con-contraste-endovenoso: Expecting value: line 1 column 1 (char 0)
10:17:38 ERROR   sync: PACS 2026-03-31_tomografia_tomografia-de-senos-paranasales-sin-contraste-endovenoso: Expecting value: line 1 column 1 (char 0)
10:17:38 ERROR   sync: PACS 2026-03-24_resonancia_resonancia-de-pelvis-de-alta-resolucion-con-contraste-endovenoso: Expecting value: line 1 column 1 (char 0)
10:17:38 ERROR   sync: PACS 2026-03-23_tomografia_tomografia-de-torax-sin-contraste-endovenoso: Expecting value: line 1 column 1 (char 0)
10:17:38 ERROR   sync: PACS 2026-03-20_radiografia_radiografia-de-torax-frente: Expecting value: line 1 column 1 (char 0)
10:17:38 ERROR   sync: PACS 2026-03-18_radiografia_radiografia-de-torax-frente: Expecting value: line 1 column 1 (char 0)
10:17:39 ERROR   sync: PACS 2026-03-17_tomografia_tomografia-de-torax-sin-contraste-endovenoso: Expecting value: line 1 column 1 (char 0)
10:17:39 ERROR   sync: PACS 2026-03-16_resonancia_resonancia-de-pelvis-de-alta-resolucion-con-contraste-endovenoso: Expecting value: line 1 column 1 (char 0)
10:17:39 ERROR   sync: PACS 2026-03-12_resonancia_resonancia-de-pelvis-de-alta-resolucion-con-contraste-endovenoso: Expecting value: line 1 column 1 (char 0)
10:17:39 ERROR   sync: PACS 2026-03-09_tomografia_tomografia-de-torax-sin-contraste-endovenoso: Expecting value: line 1 column 1 (char 0)
10:17:39 ERROR   sync: PACS 2026-02-24_resonancia_resonancia-de-pelvis-de-alta-resolucion-con-contraste-endovenoso: Expecting value: line 1 column 1 (char 0)
10:17:39 ERROR   sync: PACS 2026-02-11_radiografia_radiografia-de-torax-frente: Expecting value: line 1 column 1 (char 0)
10:17:39 ERROR   sync: PACS 2025-12-10_tomografia_tomografia-de-torax-sin-contraste-endovenoso: Expecting value: line 1 column 1 (char 0)
10:17:39 ERROR   sync: PACS 2025-10-20_tomografia_tomografia-de-torax-sin-contraste-endovenoso: Expecting value: line 1 column 1 (char 0)
10:17:39 ERROR   sync: PACS 2025-10-06_tomografia_tomografia-de-senos-paranasales-sin-contraste-endovenoso: Expecting value: line 1 column 1 (char 0)
10:17:39 ERROR   sync: PACS 2025-09-20_ecografia_ecografia-de-partes-blandas-adultos: Expecting value: line 1 column 1 (char 0)
10:17:39 ERROR   sync: PACS 2025-09-19_tomografia_tomografia-de-senos-paranasales-sin-contraste-endovenoso: Expecting value: line 1 column 1 (char 0)
10:17:39 ERROR   sync: PACS 2025-09-17_radiografia_radiografia-de-torax-frente: Expecting value: line 1 column 1 (char 0)
10:17:39 ERROR   sync: PACS 2025-09-15_radiografia_radiografia-de-torax-frente: Expecting value: line 1 column 1 (char 0)
10:17:39 ERROR   sync: PACS 2025-08-28_radiografia_radiografia-de-torax-frente: Expecting value: line 1 column 1 (char 0)
10:17:39 ERROR   sync: PACS 2025-08-20_resonancia_estimacion-de-sobrecarga-hepatica-de-hierro-por-resonancia: Expecting value: line 1 column 1 (char 0)
10:17:40 ERROR   sync: PACS 2025-08-19_tomografia_tomografia-de-torax-sin-contraste-endovenoso: Expecting value: line 1 column 1 (char 0)
10:17:40 ERROR   sync: PACS 2025-08-08_tomografia_tomografia-de-macizo-facial-con-contraste-endovenoso: Expecting value: line 1 column 1 (char 0)
10:17:40 ERROR   sync: PACS 2025-08-04_tomografia_tomografia-de-torax-sin-contraste-endovenoso: Expecting value: line 1 column 1 (char 0)
10:17:40 ERROR   sync: PACS 2025-08-03_tomografia_tomografia-de-cerebro-sin-contraste-endovenoso: Expecting value: line 1 column 1 (char 0)
10:17:40 ERROR   sync: PACS 2025-07-23_ecografia_ecodoppler-arterial-y-venoso-de-miembro-superior-izquierdo: Expecting value: line 1 column 1 (char 0)
10:17:40 ERROR   sync: PACS 2025-07-17_radiografia_radiografia-de-torax-frente: Expecting value: line 1 column 1 (char 0)
10:17:40 ERROR   sync: PACS 2025-07-16_radiografia_radiografia-de-torax-frente: Expecting value: line 1 column 1 (char 0)
10:17:40 ERROR   sync: PACS 2025-07-15_ecografia_ecografia-completa-de-abdomen: Expecting value: line 1 column 1 (char 0)
10:17:40 ERROR   sync: PACS 2025-07-15_resonancia_resonancia-de-cerebro-con-contraste-endovenoso: Expecting value: line 1 column 1 (char 0)
10:17:40 ERROR   sync: PACS 2025-07-15_tomografia_tomografia-de-torax-sin-contraste-endovenoso: Expecting value: line 1 column 1 (char 0)
10:17:40 INFO    sync: Resumen: PDFs nuevos 0, existentes 0, errores 0 | DICOM nuevas 0, existentes 0, errores 49 | 0.00 GB descargados
