10:21:29 INFO    auth: Sesión reutilizada desde cache (adermanu@gmail.com).
10:21:36 INFO    sync: Resultados: 37 laboratorio, 49 imágenes/otros
10:22:00 INFO    sync: 2026-08-21_tomografia_tomografia-de-senos-paranasales-sin-contraste-endovenoso: 18 series, 2458 instancias (~1278 MB)
10:22:14 INFO    sync: 2026-07-17_resonancia_resonancia-cardiaca-con-contraste-endovenoso: 19 series, 754 instancias (~113 MB)
10:22:15 INFO    sync: 2026-07-15_radiografia_radiografia-de-torax-frente: 1 series, 1 instancias (~8 MB)
10:22:16 INFO    sync: 2026-07-14_radiografia_radiografia-de-torax-frente: 1 series, 1 instancias (~8 MB)
10:22:18 INFO    sync: 2026-07-13_ecografia_ecodoppler-venoso-de-miembro-inferior-izquierdo-para-diagn-de-trombosis: 1 series, 22 instancias (~9 MB)
10:22:42 INFO    sync: 2026-07-12_tomografia_tomografia-de-torax-sin-contraste-endovenoso: 18 series, 2463 instancias (~1281 MB)
10:22:44 INFO    sync: 2026-07-12_radiografia_radiografia-de-torax-frente: 2 series, 2 instancias (~16 MB)
10:22:59 INFO    sync: 2026-07-06_tomografia_tomografia-de-macizo-facial-con-contraste-endovenoso: 13 series, 1390 instancias (~723 MB)
10:23:16 INFO    sync: 2026-06-25_tomografia_tomografia-de-cerebro-sin-contraste-endovenoso: 10 series, 1777 instancias (~924 MB)
10:23:17 INFO    sync: 2026-06-01_ecografia_ecodoppler-de-vasos-de-cuello: 1 series, 1 instancias (~0 MB)
10:23:43 INFO    sync: 2026-05-31_tomografia_tomografia-de-torax-sin-contraste-endovenoso: 18 series, 2715 instancias (~1412 MB)
10:24:11 INFO    sync: 2026-05-03_tomografia_tomografia-de-torax-sin-contraste-endovenoso: 18 series, 2618 instancias (~1361 MB)
10:24:12 INFO    sync: 2026-04-27_radiografia_radiografia-de-torax-frente: 1 series, 1 instancias (~8 MB)
10:24:31 INFO    sync: 2026-04-27_resonancia_resonancia-de-pelvis-de-alta-resolucion-con-contraste-endovenoso: 19 series, 890 instancias (~133 MB)
10:25:11 INFO    sync: 2026-04-16_resonancia_resonancia-de-pelvis-de-alta-resolucion-con-contraste-endovenoso: 30 series, 3043 instancias (~456 MB)
10:25:12 INFO    sync: 2026-04-13_ecografia_ecodoppler-de-vasos-de-cuello: 1 series, 10 instancias (~4 MB)
10:25:44 INFO    sync: 2026-04-07_tomografia_tomografia-de-senos-paranasales-sin-contraste-endovenoso: 17 series, 2644 instancias (~1375 MB)
10:25:45 INFO    sync: 2026-04-03_ecografia_ecografia-de-partes-blandas-adultos: 1 series, 6 instancias (~2 MB)
10:26:24 INFO    sync: 2026-03-31_resonancia_resonancia-de-pelvis-de-alta-resolucion-con-contraste-endovenoso: 31 series, 2980 instancias (~447 MB)
10:26:49 INFO    sync: 2026-03-31_tomografia_tomografia-de-senos-paranasales-sin-contraste-endovenoso: 14 series, 2253 instancias (~1172 MB)
10:27:07 INFO    sync: 2026-03-24_resonancia_resonancia-de-pelvis-de-alta-resolucion-con-contraste-endovenoso: 21 series, 1019 instancias (~153 MB)
10:27:40 INFO    sync: 2026-03-23_tomografia_tomografia-de-torax-sin-contraste-endovenoso: 18 series, 3318 instancias (~1725 MB)
10:27:41 INFO    sync: 2026-03-20_radiografia_radiografia-de-torax-frente: 1 series, 1 instancias (~8 MB)
10:27:42 INFO    sync: 2026-03-18_radiografia_radiografia-de-torax-frente: 1 series, 1 instancias (~8 MB)
10:28:08 INFO    sync: 2026-03-17_tomografia_tomografia-de-torax-sin-contraste-endovenoso: 17 series, 2438 instancias (~1268 MB)
10:28:28 INFO    sync: 2026-03-16_resonancia_resonancia-de-pelvis-de-alta-resolucion-con-contraste-endovenoso: 21 series, 1319 instancias (~198 MB)
10:28:44 INFO    sync: 2026-03-12_resonancia_resonancia-de-pelvis-de-alta-resolucion-con-contraste-endovenoso: 20 series, 880 instancias (~132 MB)
10:29:11 INFO    sync: 2026-03-09_tomografia_tomografia-de-torax-sin-contraste-endovenoso: 17 series, 2487 instancias (~1293 MB)
10:29:27 INFO    sync: 2026-02-24_resonancia_resonancia-de-pelvis-de-alta-resolucion-con-contraste-endovenoso: 21 series, 936 instancias (~140 MB)
10:29:28 INFO    sync: 2026-02-11_radiografia_radiografia-de-torax-frente: 1 series, 1 instancias (~8 MB)
10:29:54 INFO    sync: 2025-12-10_tomografia_tomografia-de-torax-sin-contraste-endovenoso: 17 series, 2487 instancias (~1293 MB)
10:30:21 INFO    sync: 2025-10-20_tomografia_tomografia-de-torax-sin-contraste-endovenoso: 18 series, 2541 instancias (~1321 MB)
10:30:54 INFO    sync: 2025-10-06_tomografia_tomografia-de-senos-paranasales-sin-contraste-endovenoso: 19 series, 3156 instancias (~1641 MB)
10:30:56 INFO    sync: 2025-09-20_ecografia_ecografia-de-partes-blandas-adultos: 1 series, 5 instancias (~2 MB)
10:31:24 INFO    sync: 2025-09-19_tomografia_tomografia-de-senos-paranasales-sin-contraste-endovenoso: 17 series, 2560 instancias (~1331 MB)
10:31:25 INFO    sync: 2025-09-17_radiografia_radiografia-de-torax-frente: 1 series, 1 instancias (~8 MB)
10:31:26 INFO    sync: 2025-09-15_radiografia_radiografia-de-torax-frente: 1 series, 1 instancias (~8 MB)
10:31:27 INFO    sync: 2025-08-28_radiografia_radiografia-de-torax-frente: 1 series, 1 instancias (~8 MB)
10:31:48 INFO    sync: 2025-08-20_resonancia_estimacion-de-sobrecarga-hepatica-de-hierro-por-resonancia: 22 series, 1077 instancias (~162 MB)
10:32:13 INFO    sync: 2025-08-19_tomografia_tomografia-de-torax-sin-contraste-endovenoso: 17 series, 2403 instancias (~1250 MB)
10:32:31 INFO    sync: 2025-08-08_tomografia_tomografia-de-macizo-facial-con-contraste-endovenoso: 14 series, 1532 instancias (~797 MB)
10:33:00 INFO    sync: 2025-08-04_tomografia_tomografia-de-torax-sin-contraste-endovenoso: 24 series, 2883 instancias (~1499 MB)
10:33:08 INFO    sync: 2025-08-03_tomografia_tomografia-de-cerebro-sin-contraste-endovenoso: 5 series, 694 instancias (~361 MB)
10:33:08 INFO    sync: 2025-07-23_ecografia_ecodoppler-arterial-y-venoso-de-miembro-superior-izquierdo: 1 series, 15 instancias (~6 MB)
10:33:10 INFO    sync: 2025-07-17_radiografia_radiografia-de-torax-frente: 1 series, 1 instancias (~8 MB)
10:33:10 ERROR   sync: PACS 2025-07-16_radiografia_radiografia-de-torax-frente: C-FIND STUDY sin resultados para accession 0011866714
10:33:11 INFO    sync: 2025-07-15_ecografia_ecografia-completa-de-abdomen: 1 series, 14 instancias (~6 MB)
